上一次错误发生在：
---------------规则----------------
上一次规则解释运行正常，未发生错误
---------------行动牌----------------
上一次行动牌运行正常，未发生错误